[+] Containers:
 |- [+] Container: /Game/FirstPerson/Maps/FirstPersonMap
 |   |- [+] ActorDescs:
 |   |   |- Guid:0E614D0841407EA3D209F5B1059BC3E7 NativeClass:/Script/Engine.PointLight Name:PointLight_UAID_005056C000012F9B02_1758072465 Label:PointLight14 SpatiallyLoaded:true EditorBounds:IsValid=true, Min=(X=-2390.096 Y=-3970.096 Z=-5080.096), Max=(X=7150.096 Y=5570.096 Z=4460.096) RuntimeBounds:IsValid=true, Min=(X=-2390.096 Y=-3970.096 Z=-5080.096), Max=(X=7150.096 Y=5570.096 Z=4460.096) RuntimeGrid:None EditorOnly:false RuntimeOnly:false HLODRelevant:false ListedInSceneOutliner:true IsMainWorldOnly:false
 |   |   |- Guid:183FC1AA4B19495A3D371B99577A5CA2 NativeClass:/Script/Engine.PointLight Name:PointLight_UAID_005056C000012F9B02_1757913464 Label:PointLight13 SpatiallyLoaded:true EditorBounds:IsValid=true, Min=(X=-1550.096 Y=-2080.096 Z=-5080.096), Max=(X=7990.096 Y=7460.096 Z=4460.096) RuntimeBounds:IsValid=true, Min=(X=-1550.096 Y=-2080.096 Z=-5080.096), Max=(X=7990.096 Y=7460.096 Z=4460.096) RuntimeGrid:None EditorOnly:false RuntimeOnly:false HLODRelevant:false ListedInSceneOutliner:true IsMainWorldOnly:false
 |   |   |- Guid:1CAA94EB452A21C49316E081D3B1A15A NativeClass:/Script/Engine.PointLight Name:PointLight_UAID_005056C000012F9B02_1749462461 Label:PointLight10 SpatiallyLoaded:true EditorBounds:IsValid=true, Min=(X=-6325.000 Y=-4895.000 Z=-7695.000), Max=(X=8225.000 Y=9655.000 Z=6855.000) RuntimeBounds:IsValid=true, Min=(X=-6325.000 Y=-4895.000 Z=-7695.000), Max=(X=8225.000 Y=9655.000 Z=6855.000) RuntimeGrid:None EditorOnly:false RuntimeOnly:false HLODRelevant:false ListedInSceneOutliner:true IsMainWorldOnly:false
 |   |   |- Guid:21262252453B37957EF29F82ABA2413B NativeClass:/Script/Engine.TextRenderActor Name:TextRenderActor_1 Label:TextRenderActor SpatiallyLoaded:true EditorBounds:IsValid=true, Min=(X=-0.100 Y=1100.000 Z=65.013), Max=(X=-0.100 Y=2363.461 Z=215.013) RuntimeBounds:IsValid=true, Min=(X=-0.100 Y=1100.000 Z=65.013), Max=(X=-0.100 Y=2363.461 Z=215.013) RuntimeGrid:None EditorOnly:false RuntimeOnly:false HLODRelevant:false ListedInSceneOutliner:true IsMainWorldOnly:false
 |   |   |- Guid:468CFFC341807774301DD8ADAD5047EF NativeClass:/Script/Engine.PointLight Name:PointLight_UAID_005056C000012F9B02_1747284456 Label:PointLight5 SpatiallyLoaded:true EditorBounds:IsValid=true, Min=(X=-4930.000 Y=-4720.000 Z=-7470.000), Max=(X=9170.000 Y=9380.000 Z=6630.000) RuntimeBounds:IsValid=true, Min=(X=-4930.000 Y=-4720.000 Z=-7470.000), Max=(X=9170.000 Y=9380.000 Z=6630.000) RuntimeGrid:None EditorOnly:false RuntimeOnly:false HLODRelevant:false ListedInSceneOutliner:true IsMainWorldOnly:false
 |   |   |- Guid:48F3ED104A5A0C55881EF3B8FD060878 NativeClass:/Script/Engine.PointLight Name:PointLight_UAID_005056C000012F9B02_1758404467 Label:PointLight16 SpatiallyLoaded:true EditorBounds:IsValid=true, Min=(X=-1705.096 Y=-2675.096 Z=-4895.096), Max=(X=7985.096 Y=7015.096 Z=4795.096) RuntimeBounds:IsValid=true, Min=(X=-1705.096 Y=-2675.096 Z=-4895.096), Max=(X=7985.096 Y=7015.096 Z=4795.096) RuntimeGrid:None EditorOnly:false RuntimeOnly:false HLODRelevant:false ListedInSceneOutliner:true IsMainWorldOnly:false
 |   |   |- Guid:52F99B5D45E436525ACDECB78C38F432 NativeClass:/Script/Engine.SpotLight Name:SpotLight_UAID_005056C000012F9B02_1665939455 Label:SpotLight SpatiallyLoaded:true EditorBounds:IsValid=true, Min=(X=156.146 Y=871.822 Z=-3146.762), Max=(X=3735.817 Y=4451.493 Z=432.909) RuntimeBounds:IsValid=true, Min=(X=156.146 Y=871.822 Z=-3146.762), Max=(X=3735.817 Y=4451.493 Z=432.909) RuntimeGrid:None EditorOnly:false RuntimeOnly:false HLODRelevant:false ListedInSceneOutliner:true IsMainWorldOnly:false
 |   |   |- Guid:53844C8A41828288C2407BA4B90836BD NativeClass:/Script/Engine.PointLight Name:PointLight_UAID_005056C000012F9B02_1749145459 Label:PointLight8 SpatiallyLoaded:true EditorBounds:IsValid=true, Min=(X=-3970.000 Y=-4690.000 Z=-7470.000), Max=(X=10130.000 Y=9410.000 Z=6630.000) RuntimeBounds:IsValid=true, Min=(X=-3970.000 Y=-4690.000 Z=-7470.000), Max=(X=10130.000 Y=9410.000 Z=6630.000) RuntimeGrid:None EditorOnly:false RuntimeOnly:false HLODRelevant:false ListedInSceneOutliner:true IsMainWorldOnly:false
 |   |   |- Guid:5FE7584649BB6F09265329A6C57CFD0D NativeClass:/Script/Engine.VolumetricCloud Name:VolumetricCloud_0 Label:VolumetricCloud SpatiallyLoaded:false EditorBounds:IsValid=true, Min=(X=0.000 Y=0.000 Z=820.000), Max=(X=0.000 Y=0.000 Z=820.000) RuntimeBounds:IsValid=true, Min=(X=0.000 Y=0.000 Z=820.000), Max=(X=0.000 Y=0.000 Z=820.000) RuntimeGrid:None EditorOnly:false RuntimeOnly:false HLODRelevant:false ListedInSceneOutliner:true IsMainWorldOnly:false FolderPath:Lighting FolderGuid:0BA5F0A04EADB18E70D5B180D08FA34B
 |   |   |- Guid:6057982A4D006F8A159D6296B4F53241 NativeClass:/Script/Engine.PointLight Name:PointLight_UAID_005056C000012F9B02_1437424453 Label:PointLight3 SpatiallyLoaded:true EditorBounds:IsValid=true, Min=(X=-4940.000 Y=-4730.000 Z=-7470.000), Max=(X=9160.000 Y=9370.000 Z=6630.000) RuntimeBounds:IsValid=true, Min=(X=-4940.000 Y=-4730.000 Z=-7470.000), Max=(X=9160.000 Y=9370.000 Z=6630.000) RuntimeGrid:None EditorOnly:false RuntimeOnly:false HLODRelevant:false ListedInSceneOutliner:true IsMainWorldOnly:false
 |   |   |- Guid:61391D344900612A77DFC3BA3E354907 NativeClass:/Script/Engine.ExponentialHeightFog Name:ExponentialHeightFog_0 Label:ExponentialHeightFog SpatiallyLoaded:false EditorBounds:IsValid=true, Min=(X=-5600.000 Y=-50.000 Z=-6850.000), Max=(X=-5600.000 Y=-50.000 Z=-6850.000) RuntimeBounds:IsValid=true, Min=(X=-5600.000 Y=-50.000 Z=-6850.000), Max=(X=-5600.000 Y=-50.000 Z=-6850.000) RuntimeGrid:None EditorOnly:false RuntimeOnly:false HLODRelevant:false ListedInSceneOutliner:true IsMainWorldOnly:false FolderPath:Lighting FolderGuid:0BA5F0A04EADB18E70D5B180D08FA34B
 |   |   |- Guid:618E11364796F5618148369F4DF0A825 NativeClass:/Script/Engine.PointLight Name:PointLight_UAID_005056C000012F9B02_1290266451 Label:PointLight SpatiallyLoaded:true EditorBounds:IsValid=true, Min=(X=520.000 Y=-1810.000 Z=720.000), Max=(X=2520.000 Y=190.000 Z=2720.000) RuntimeBounds:IsValid=true, Min=(X=520.000 Y=-1810.000 Z=720.000), Max=(X=2520.000 Y=190.000 Z=2720.000) RuntimeGrid:None EditorOnly:false RuntimeOnly:false HLODRelevant:false ListedInSceneOutliner:true IsMainWorldOnly:false
 |   |   |- Guid:6FEFB3BD4EB37B849EF0D4AC80F83855 NativeClass:/Script/Engine.WorldDataLayers Name:WorldDataLayers Label:WorldDataLayers SpatiallyLoaded:false EditorBounds:IsValid=true, Min=(X=0.000 Y=0.000 Z=0.000), Max=(X=0.000 Y=0.000 Z=0.000) RuntimeBounds:IsValid=true, Min=(X=0.000 Y=0.000 Z=0.000), Max=(X=0.000 Y=0.000 Z=0.000) RuntimeGrid:None EditorOnly:false RuntimeOnly:false HLODRelevant:false ListedInSceneOutliner:true IsMainWorldOnly:true
 |   |   |- Guid:700CC4F94D1621159C4F52A73D0310AD NativeClass:/Script/Engine.PointLight Name:PointLight_UAID_005056C000012F9B02_1749306460 Label:PointLight9 SpatiallyLoaded:true EditorBounds:IsValid=true, Min=(X=-4890.000 Y=-4680.000 Z=-7470.000), Max=(X=9210.000 Y=9420.000 Z=6630.000) RuntimeBounds:IsValid=true, Min=(X=-4890.000 Y=-4680.000 Z=-7470.000), Max=(X=9210.000 Y=9420.000 Z=6630.000) RuntimeGrid:None EditorOnly:false RuntimeOnly:false HLODRelevant:false ListedInSceneOutliner:true IsMainWorldOnly:false
 |   |   |- Guid:7070C0664488111FD91577A0946DFBB3 NativeClass:/Script/Engine.StaticMeshActor Name:StaticMeshActor_UAID_005056C000012E9B02_2106600272 Label:Cube2 SpatiallyLoaded:true EditorBounds:IsValid=true, Min=(X=-2.500 Y=-520.000 Z=-760.000), Max=(X=22.500 Y=2380.000 Z=940.000) RuntimeBounds:IsValid=true, Min=(X=-2.500 Y=-520.000 Z=-760.000), Max=(X=22.500 Y=2380.000 Z=940.000) RuntimeGrid:None EditorOnly:false RuntimeOnly:false HLODRelevant:true ListedInSceneOutliner:true IsMainWorldOnly:false
 |   |   |- Guid:72734E1F418FA4B0FAC235B130C48E14 NativeClass:/Script/Engine.PointLight Name:PointLight_UAID_005056C000012F9B02_1757487462 Label:PointLight11 SpatiallyLoaded:true EditorBounds:IsValid=true, Min=(X=-3460.096 Y=-1490.096 Z=-4770.096), Max=(X=6080.096 Y=8050.096 Z=4770.096) RuntimeBounds:IsValid=true, Min=(X=-3460.096 Y=-1490.096 Z=-4770.096), Max=(X=6080.096 Y=8050.096 Z=4770.096) RuntimeGrid:None EditorOnly:false RuntimeOnly:false HLODRelevant:false ListedInSceneOutliner:true IsMainWorldOnly:false
 |   |   |- Guid:78CAF7514C7533F30BD2F19A017AAB65 NativeClass:/Script/Engine.StaticMeshActor Name:StaticMeshActor_0 Label:SM_Cube SpatiallyLoaded:true EditorBounds:IsValid=true, Min=(X=-280.000 Y=-170.000 Z=-630.000), Max=(X=3291.666 Y=5730.000 Z=-577.556) RuntimeBounds:IsValid=true, Min=(X=-280.000 Y=-170.000 Z=-630.000), Max=(X=3291.666 Y=5730.000 Z=-577.556) RuntimeGrid:None EditorOnly:false RuntimeOnly:false HLODRelevant:true ListedInSceneOutliner:true IsMainWorldOnly:false FolderPath:Playground FolderGuid:6C02BB504B69D1F3D7A624B130C18E5B
 |   |   |- Guid:818D730741F3AB03094E88B330AAD079 NativeClass:/Script/Engine.PointLight Name:PointLight_UAID_005056C000012F9B02_1758229466 Label:PointLight15 SpatiallyLoaded:true EditorBounds:IsValid=true, Min=(X=-2380.096 Y=-720.096 Z=-4580.096), Max=(X=7160.096 Y=8820.096 Z=4960.096) RuntimeBounds:IsValid=true, Min=(X=-2380.096 Y=-720.096 Z=-4580.096), Max=(X=7160.096 Y=8820.096 Z=4960.096) RuntimeGrid:None EditorOnly:false RuntimeOnly:false HLODRelevant:false ListedInSceneOutliner:true IsMainWorldOnly:false
 |   |   |- Guid:88A1BC0441C18C55E74BCE8AB0829B36 NativeClass:/Script/Engine.PointLight Name:PointLight_UAID_005056C000012F9B02_1748995458 Label:PointLight7 SpatiallyLoaded:true EditorBounds:IsValid=true, Min=(X=-4910.000 Y=-4700.000 Z=-7470.000), Max=(X=9190.000 Y=9400.000 Z=6630.000) RuntimeBounds:IsValid=true, Min=(X=-4910.000 Y=-4700.000 Z=-7470.000), Max=(X=9190.000 Y=9400.000 Z=6630.000) RuntimeGrid:None EditorOnly:false RuntimeOnly:false HLODRelevant:false ListedInSceneOutliner:true IsMainWorldOnly:false
 |   |   |- Guid:8C608A8A4B1C9B927C1406956AA80C50 NativeClass:/Script/Engine.PointLight Name:PointLight_UAID_005056C000012F9B02_1748821457 Label:PointLight6 SpatiallyLoaded:true EditorBounds:IsValid=true, Min=(X=-5490.000 Y=-6590.000 Z=-7620.000), Max=(X=8910.000 Y=7810.000 Z=6780.000) RuntimeBounds:IsValid=true, Min=(X=-5490.000 Y=-6590.000 Z=-7620.000), Max=(X=8910.000 Y=7810.000 Z=6780.000) RuntimeGrid:None EditorOnly:false RuntimeOnly:false HLODRelevant:false ListedInSceneOutliner:true IsMainWorldOnly:false
 |   |   |- Guid:A354B1B24E617A525DC6B48CCDE2417E NativeClass:/Script/Engine.PlayerStart Name:PlayerStart_0 Label:PlayerStart SpatiallyLoaded:false EditorBounds:IsValid=true, Min=(X=860.000 Y=810.000 Z=0.013), Max=(X=940.000 Y=890.000 Z=184.013) RuntimeBounds:IsValid=true, Min=(X=860.000 Y=810.000 Z=0.013), Max=(X=940.000 Y=890.000 Z=184.013) RuntimeGrid:None EditorOnly:false RuntimeOnly:false HLODRelevant:false ListedInSceneOutliner:true IsMainWorldOnly:false
 |   |   |- Guid:A4CDF928475C49644500B8B7653CC984 NativeClass:/Script/Engine.StaticMeshActor Name:StaticMeshActor_UAID_005056C000012E9B02_2023711271 Label:Cube SpatiallyLoaded:true EditorBounds:IsValid=true, Min=(X=-22.500 Y=2380.000 Z=-800.000), Max=(X=2.500 Y=5280.000 Z=900.000) RuntimeBounds:IsValid=true, Min=(X=-22.500 Y=2380.000 Z=-800.000), Max=(X=2.500 Y=5280.000 Z=900.000) RuntimeGrid:None EditorOnly:false RuntimeOnly:false HLODRelevant:true ListedInSceneOutliner:true IsMainWorldOnly:false
 |   |   |- Guid:ADED34654884BFF4D9FB2984C325A523 NativeClass:/Script/Engine.PointLight Name:PointLight_UAID_005056C000012F9B02_1546046454 Label:PointLight4 SpatiallyLoaded:true EditorBounds:IsValid=true, Min=(X=-3050.096 Y=-2180.096 Z=-5260.096), Max=(X=6490.096 Y=7360.096 Z=4280.096) RuntimeBounds:IsValid=true, Min=(X=-3050.096 Y=-2180.096 Z=-5260.096), Max=(X=6490.096 Y=7360.096 Z=4280.096) RuntimeGrid:None EditorOnly:false RuntimeOnly:false HLODRelevant:false ListedInSceneOutliner:true IsMainWorldOnly:false
 |   |   |- Guid:C0C56B9644AE3D40CAFF6A878DB29844 NativeClass:/Script/Engine.StaticMeshActor Name:StaticMeshActor_UAID_A4AE111137DC5EFB00_2001720423 Label:SM_SkySphere SpatiallyLoaded:false EditorBounds:IsValid=true, Min=(X=-1638237.000 Y=-1638400.000 Z=-1638400.000), Max=(X=1638563.000 Y=1638400.000 Z=1638400.000) RuntimeBounds:IsValid=true, Min=(X=-1638237.000 Y=-1638400.000 Z=-1638400.000), Max=(X=1638563.000 Y=1638400.000 Z=1638400.000) RuntimeGrid:None EditorOnly:false RuntimeOnly:false HLODRelevant:false ListedInSceneOutliner:true IsMainWorldOnly:false FolderGuid:0BA5F0A04EADB18E70D5B180D08FA34B
 |   |   |- Guid:C22CE07C4B87D685137FDBBC10FC92C6 NativeClass:/Script/Engine.SkyAtmosphere Name:SkyAtmosphere_0 Label:SkyAtmosphere SpatiallyLoaded:false EditorBounds:IsValid=true, Min=(X=0.000 Y=0.000 Z=1020.000), Max=(X=0.000 Y=0.000 Z=1020.000) RuntimeBounds:IsValid=true, Min=(X=0.000 Y=0.000 Z=1020.000), Max=(X=0.000 Y=0.000 Z=1020.000) RuntimeGrid:None EditorOnly:false RuntimeOnly:false HLODRelevant:false ListedInSceneOutliner:true IsMainWorldOnly:false FolderPath:Lighting FolderGuid:0BA5F0A04EADB18E70D5B180D08FA34B
 |   |   |- Guid:CE8D82634660FCDB3120E2B8D547C533 NativeClass:/Script/Engine.PostProcessVolume Name:PostProcessVolume_0 Label:PostProcessVolume SpatiallyLoaded:false EditorBounds:IsValid=true, Min=(X=0.000 Y=0.000 Z=400.000), Max=(X=200.000 Y=200.000 Z=600.000) RuntimeBounds:IsValid=true, Min=(X=0.000 Y=0.000 Z=400.000), Max=(X=200.000 Y=200.000 Z=600.000) RuntimeGrid:None EditorOnly:false RuntimeOnly:false HLODRelevant:false ListedInSceneOutliner:true IsMainWorldOnly:false FolderPath:Lighting FolderGuid:0BA5F0A04EADB18E70D5B180D08FA34B
 |   |   |- Guid:D571036A46372FDC621A11B8291B462A NativeClass:/Script/Engine.PointLight Name:PointLight_UAID_005056C000012F9B02_1757738463 Label:PointLight12 SpatiallyLoaded:true EditorBounds:IsValid=true, Min=(X=-1990.096 Y=-1620.096 Z=-5080.096), Max=(X=7550.096 Y=7920.096 Z=4460.096) RuntimeBounds:IsValid=true, Min=(X=-1990.096 Y=-1620.096 Z=-5080.096), Max=(X=7550.096 Y=7920.096 Z=4460.096) RuntimeGrid:None EditorOnly:false RuntimeOnly:false HLODRelevant:false ListedInSceneOutliner:true IsMainWorldOnly:false
 |   |   |- Guid:E5320C1B4FD9764CE7B54D8487AEC613 NativeClass:/Script/Engine.SkyLight Name:SkyLight_0 Label:SkyLight SpatiallyLoaded:false EditorBounds:IsValid=true, Min=(X=0.000 Y=0.000 Z=690.000), Max=(X=0.000 Y=0.000 Z=690.000) RuntimeBounds:IsValid=true, Min=(X=0.000 Y=0.000 Z=690.000), Max=(X=0.000 Y=0.000 Z=690.000) RuntimeGrid:None EditorOnly:false RuntimeOnly:false HLODRelevant:false ListedInSceneOutliner:true IsMainWorldOnly:false FolderPath:Lighting FolderGuid:0BA5F0A04EADB18E70D5B180D08FA34B
 |   |   |- Guid:EE66F4454A4A9F99393F559AB739C05E BaseClass:/Game/FirstPerson/Blueprints/BP_Pickup_Rifle.BP_Pickup_Rifle_C NativeClass:/Script/Engine.Actor Name:BP_Rifle_C_1 Label:BP_Pickup_Rifle SpatiallyLoaded:true EditorBounds:IsValid=true, Min=(X=1378.000 Y=818.000 Z=64.000), Max=(X=1442.000 Y=907.440 Z=128.000) RuntimeBounds:IsValid=true, Min=(X=1378.000 Y=818.000 Z=64.000), Max=(X=1442.000 Y=907.440 Z=128.000) RuntimeGrid:None EditorOnly:false RuntimeOnly:false HLODRelevant:false ListedInSceneOutliner:true IsMainWorldOnly:false
 |   |   |- Guid:EED3841A4E51664C7F48379210171C23 NativeClass:/Script/Engine.PointLight Name:PointLight_UAID_005056C000012F9B02_1378896452 Label:PointLight2 SpatiallyLoaded:true EditorBounds:IsValid=true, Min=(X=500.000 Y=-2070.000 Z=690.000), Max=(X=2500.000 Y=-70.000 Z=2690.000) RuntimeBounds:IsValid=true, Min=(X=500.000 Y=-2070.000 Z=690.000), Max=(X=2500.000 Y=-70.000 Z=2690.000) RuntimeGrid:None EditorOnly:false RuntimeOnly:false HLODRelevant:false ListedInSceneOutliner:true IsMainWorldOnly:false
 |   |- [+] Clusters:
 |   |   |- [+] [  0]
 |   |   |   |- Guid:0E614D0841407EA3D209F5B1059BC3E7 NativeClass:/Script/Engine.PointLight Name:PointLight_UAID_005056C000012F9B02_1758072465 Label:PointLight14 SpatiallyLoaded:true EditorBounds:IsValid=true, Min=(X=-2390.096 Y=-3970.096 Z=-5080.096), Max=(X=7150.096 Y=5570.096 Z=4460.096) RuntimeBounds:IsValid=true, Min=(X=-2390.096 Y=-3970.096 Z=-5080.096), Max=(X=7150.096 Y=5570.096 Z=4460.096) RuntimeGrid:None EditorOnly:false RuntimeOnly:false HLODRelevant:false ListedInSceneOutliner:true IsMainWorldOnly:false
 |   |   |- [+] [  1]
 |   |   |   |- Guid:183FC1AA4B19495A3D371B99577A5CA2 NativeClass:/Script/Engine.PointLight Name:PointLight_UAID_005056C000012F9B02_1757913464 Label:PointLight13 SpatiallyLoaded:true EditorBounds:IsValid=true, Min=(X=-1550.096 Y=-2080.096 Z=-5080.096), Max=(X=7990.096 Y=7460.096 Z=4460.096) RuntimeBounds:IsValid=true, Min=(X=-1550.096 Y=-2080.096 Z=-5080.096), Max=(X=7990.096 Y=7460.096 Z=4460.096) RuntimeGrid:None EditorOnly:false RuntimeOnly:false HLODRelevant:false ListedInSceneOutliner:true IsMainWorldOnly:false
 |   |   |- [+] [  2]
 |   |   |   |- Guid:1CAA94EB452A21C49316E081D3B1A15A NativeClass:/Script/Engine.PointLight Name:PointLight_UAID_005056C000012F9B02_1749462461 Label:PointLight10 SpatiallyLoaded:true EditorBounds:IsValid=true, Min=(X=-6325.000 Y=-4895.000 Z=-7695.000), Max=(X=8225.000 Y=9655.000 Z=6855.000) RuntimeBounds:IsValid=true, Min=(X=-6325.000 Y=-4895.000 Z=-7695.000), Max=(X=8225.000 Y=9655.000 Z=6855.000) RuntimeGrid:None EditorOnly:false RuntimeOnly:false HLODRelevant:false ListedInSceneOutliner:true IsMainWorldOnly:false
 |   |   |- [+] [  3]
 |   |   |   |- Guid:21262252453B37957EF29F82ABA2413B NativeClass:/Script/Engine.TextRenderActor Name:TextRenderActor_1 Label:TextRenderActor SpatiallyLoaded:true EditorBounds:IsValid=true, Min=(X=-0.100 Y=1100.000 Z=65.013), Max=(X=-0.100 Y=2363.461 Z=215.013) RuntimeBounds:IsValid=true, Min=(X=-0.100 Y=1100.000 Z=65.013), Max=(X=-0.100 Y=2363.461 Z=215.013) RuntimeGrid:None EditorOnly:false RuntimeOnly:false HLODRelevant:false ListedInSceneOutliner:true IsMainWorldOnly:false
 |   |   |- [+] [  4]
 |   |   |   |- Guid:468CFFC341807774301DD8ADAD5047EF NativeClass:/Script/Engine.PointLight Name:PointLight_UAID_005056C000012F9B02_1747284456 Label:PointLight5 SpatiallyLoaded:true EditorBounds:IsValid=true, Min=(X=-4930.000 Y=-4720.000 Z=-7470.000), Max=(X=9170.000 Y=9380.000 Z=6630.000) RuntimeBounds:IsValid=true, Min=(X=-4930.000 Y=-4720.000 Z=-7470.000), Max=(X=9170.000 Y=9380.000 Z=6630.000) RuntimeGrid:None EditorOnly:false RuntimeOnly:false HLODRelevant:false ListedInSceneOutliner:true IsMainWorldOnly:false
 |   |   |- [+] [  5]
 |   |   |   |- Guid:48F3ED104A5A0C55881EF3B8FD060878 NativeClass:/Script/Engine.PointLight Name:PointLight_UAID_005056C000012F9B02_1758404467 Label:PointLight16 SpatiallyLoaded:true EditorBounds:IsValid=true, Min=(X=-1705.096 Y=-2675.096 Z=-4895.096), Max=(X=7985.096 Y=7015.096 Z=4795.096) RuntimeBounds:IsValid=true, Min=(X=-1705.096 Y=-2675.096 Z=-4895.096), Max=(X=7985.096 Y=7015.096 Z=4795.096) RuntimeGrid:None EditorOnly:false RuntimeOnly:false HLODRelevant:false ListedInSceneOutliner:true IsMainWorldOnly:false
 |   |   |- [+] [  6]
 |   |   |   |- Guid:52F99B5D45E436525ACDECB78C38F432 NativeClass:/Script/Engine.SpotLight Name:SpotLight_UAID_005056C000012F9B02_1665939455 Label:SpotLight SpatiallyLoaded:true EditorBounds:IsValid=true, Min=(X=156.146 Y=871.822 Z=-3146.762), Max=(X=3735.817 Y=4451.493 Z=432.909) RuntimeBounds:IsValid=true, Min=(X=156.146 Y=871.822 Z=-3146.762), Max=(X=3735.817 Y=4451.493 Z=432.909) RuntimeGrid:None EditorOnly:false RuntimeOnly:false HLODRelevant:false ListedInSceneOutliner:true IsMainWorldOnly:false
 |   |   |- [+] [  7]
 |   |   |   |- Guid:53844C8A41828288C2407BA4B90836BD NativeClass:/Script/Engine.PointLight Name:PointLight_UAID_005056C000012F9B02_1749145459 Label:PointLight8 SpatiallyLoaded:true EditorBounds:IsValid=true, Min=(X=-3970.000 Y=-4690.000 Z=-7470.000), Max=(X=10130.000 Y=9410.000 Z=6630.000) RuntimeBounds:IsValid=true, Min=(X=-3970.000 Y=-4690.000 Z=-7470.000), Max=(X=10130.000 Y=9410.000 Z=6630.000) RuntimeGrid:None EditorOnly:false RuntimeOnly:false HLODRelevant:false ListedInSceneOutliner:true IsMainWorldOnly:false
 |   |   |- [+] [  8]
 |   |   |   |- Guid:5FE7584649BB6F09265329A6C57CFD0D NativeClass:/Script/Engine.VolumetricCloud Name:VolumetricCloud_0 Label:VolumetricCloud SpatiallyLoaded:false EditorBounds:IsValid=true, Min=(X=0.000 Y=0.000 Z=820.000), Max=(X=0.000 Y=0.000 Z=820.000) RuntimeBounds:IsValid=true, Min=(X=0.000 Y=0.000 Z=820.000), Max=(X=0.000 Y=0.000 Z=820.000) RuntimeGrid:None EditorOnly:false RuntimeOnly:false HLODRelevant:false ListedInSceneOutliner:true IsMainWorldOnly:false FolderPath:Lighting FolderGuid:0BA5F0A04EADB18E70D5B180D08FA34B
 |   |   |- [+] [  9]
 |   |   |   |- Guid:6057982A4D006F8A159D6296B4F53241 NativeClass:/Script/Engine.PointLight Name:PointLight_UAID_005056C000012F9B02_1437424453 Label:PointLight3 SpatiallyLoaded:true EditorBounds:IsValid=true, Min=(X=-4940.000 Y=-4730.000 Z=-7470.000), Max=(X=9160.000 Y=9370.000 Z=6630.000) RuntimeBounds:IsValid=true, Min=(X=-4940.000 Y=-4730.000 Z=-7470.000), Max=(X=9160.000 Y=9370.000 Z=6630.000) RuntimeGrid:None EditorOnly:false RuntimeOnly:false HLODRelevant:false ListedInSceneOutliner:true IsMainWorldOnly:false
 |   |   |- [+] [ 10]
 |   |   |   |- Guid:61391D344900612A77DFC3BA3E354907 NativeClass:/Script/Engine.ExponentialHeightFog Name:ExponentialHeightFog_0 Label:ExponentialHeightFog SpatiallyLoaded:false EditorBounds:IsValid=true, Min=(X=-5600.000 Y=-50.000 Z=-6850.000), Max=(X=-5600.000 Y=-50.000 Z=-6850.000) RuntimeBounds:IsValid=true, Min=(X=-5600.000 Y=-50.000 Z=-6850.000), Max=(X=-5600.000 Y=-50.000 Z=-6850.000) RuntimeGrid:None EditorOnly:false RuntimeOnly:false HLODRelevant:false ListedInSceneOutliner:true IsMainWorldOnly:false FolderPath:Lighting FolderGuid:0BA5F0A04EADB18E70D5B180D08FA34B
 |   |   |- [+] [ 11]
 |   |   |   |- Guid:618E11364796F5618148369F4DF0A825 NativeClass:/Script/Engine.PointLight Name:PointLight_UAID_005056C000012F9B02_1290266451 Label:PointLight SpatiallyLoaded:true EditorBounds:IsValid=true, Min=(X=520.000 Y=-1810.000 Z=720.000), Max=(X=2520.000 Y=190.000 Z=2720.000) RuntimeBounds:IsValid=true, Min=(X=520.000 Y=-1810.000 Z=720.000), Max=(X=2520.000 Y=190.000 Z=2720.000) RuntimeGrid:None EditorOnly:false RuntimeOnly:false HLODRelevant:false ListedInSceneOutliner:true IsMainWorldOnly:false
 |   |   |- [+] [ 12]
 |   |   |   |- Guid:6FEFB3BD4EB37B849EF0D4AC80F83855 NativeClass:/Script/Engine.WorldDataLayers Name:WorldDataLayers Label:WorldDataLayers SpatiallyLoaded:false EditorBounds:IsValid=true, Min=(X=0.000 Y=0.000 Z=0.000), Max=(X=0.000 Y=0.000 Z=0.000) RuntimeBounds:IsValid=true, Min=(X=0.000 Y=0.000 Z=0.000), Max=(X=0.000 Y=0.000 Z=0.000) RuntimeGrid:None EditorOnly:false RuntimeOnly:false HLODRelevant:false ListedInSceneOutliner:true IsMainWorldOnly:true
 |   |   |- [+] [ 13]
 |   |   |   |- Guid:700CC4F94D1621159C4F52A73D0310AD NativeClass:/Script/Engine.PointLight Name:PointLight_UAID_005056C000012F9B02_1749306460 Label:PointLight9 SpatiallyLoaded:true EditorBounds:IsValid=true, Min=(X=-4890.000 Y=-4680.000 Z=-7470.000), Max=(X=9210.000 Y=9420.000 Z=6630.000) RuntimeBounds:IsValid=true, Min=(X=-4890.000 Y=-4680.000 Z=-7470.000), Max=(X=9210.000 Y=9420.000 Z=6630.000) RuntimeGrid:None EditorOnly:false RuntimeOnly:false HLODRelevant:false ListedInSceneOutliner:true IsMainWorldOnly:false
 |   |   |- [+] [ 14]
 |   |   |   |- Guid:7070C0664488111FD91577A0946DFBB3 NativeClass:/Script/Engine.StaticMeshActor Name:StaticMeshActor_UAID_005056C000012E9B02_2106600272 Label:Cube2 SpatiallyLoaded:true EditorBounds:IsValid=true, Min=(X=-2.500 Y=-520.000 Z=-760.000), Max=(X=22.500 Y=2380.000 Z=940.000) RuntimeBounds:IsValid=true, Min=(X=-2.500 Y=-520.000 Z=-760.000), Max=(X=22.500 Y=2380.000 Z=940.000) RuntimeGrid:None EditorOnly:false RuntimeOnly:false HLODRelevant:true ListedInSceneOutliner:true IsMainWorldOnly:false
 |   |   |- [+] [ 15]
 |   |   |   |- Guid:72734E1F418FA4B0FAC235B130C48E14 NativeClass:/Script/Engine.PointLight Name:PointLight_UAID_005056C000012F9B02_1757487462 Label:PointLight11 SpatiallyLoaded:true EditorBounds:IsValid=true, Min=(X=-3460.096 Y=-1490.096 Z=-4770.096), Max=(X=6080.096 Y=8050.096 Z=4770.096) RuntimeBounds:IsValid=true, Min=(X=-3460.096 Y=-1490.096 Z=-4770.096), Max=(X=6080.096 Y=8050.096 Z=4770.096) RuntimeGrid:None EditorOnly:false RuntimeOnly:false HLODRelevant:false ListedInSceneOutliner:true IsMainWorldOnly:false
 |   |   |- [+] [ 16]
 |   |   |   |- Guid:78CAF7514C7533F30BD2F19A017AAB65 NativeClass:/Script/Engine.StaticMeshActor Name:StaticMeshActor_0 Label:SM_Cube SpatiallyLoaded:true EditorBounds:IsValid=true, Min=(X=-280.000 Y=-170.000 Z=-630.000), Max=(X=3291.666 Y=5730.000 Z=-577.556) RuntimeBounds:IsValid=true, Min=(X=-280.000 Y=-170.000 Z=-630.000), Max=(X=3291.666 Y=5730.000 Z=-577.556) RuntimeGrid:None EditorOnly:false RuntimeOnly:false HLODRelevant:true ListedInSceneOutliner:true IsMainWorldOnly:false FolderPath:Playground FolderGuid:6C02BB504B69D1F3D7A624B130C18E5B
 |   |   |- [+] [ 17]
 |   |   |   |- Guid:818D730741F3AB03094E88B330AAD079 NativeClass:/Script/Engine.PointLight Name:PointLight_UAID_005056C000012F9B02_1758229466 Label:PointLight15 SpatiallyLoaded:true EditorBounds:IsValid=true, Min=(X=-2380.096 Y=-720.096 Z=-4580.096), Max=(X=7160.096 Y=8820.096 Z=4960.096) RuntimeBounds:IsValid=true, Min=(X=-2380.096 Y=-720.096 Z=-4580.096), Max=(X=7160.096 Y=8820.096 Z=4960.096) RuntimeGrid:None EditorOnly:false RuntimeOnly:false HLODRelevant:false ListedInSceneOutliner:true IsMainWorldOnly:false
 |   |   |- [+] [ 18]
 |   |   |   |- Guid:88A1BC0441C18C55E74BCE8AB0829B36 NativeClass:/Script/Engine.PointLight Name:PointLight_UAID_005056C000012F9B02_1748995458 Label:PointLight7 SpatiallyLoaded:true EditorBounds:IsValid=true, Min=(X=-4910.000 Y=-4700.000 Z=-7470.000), Max=(X=9190.000 Y=9400.000 Z=6630.000) RuntimeBounds:IsValid=true, Min=(X=-4910.000 Y=-4700.000 Z=-7470.000), Max=(X=9190.000 Y=9400.000 Z=6630.000) RuntimeGrid:None EditorOnly:false RuntimeOnly:false HLODRelevant:false ListedInSceneOutliner:true IsMainWorldOnly:false
 |   |   |- [+] [ 19]
 |   |   |   |- Guid:8C608A8A4B1C9B927C1406956AA80C50 NativeClass:/Script/Engine.PointLight Name:PointLight_UAID_005056C000012F9B02_1748821457 Label:PointLight6 SpatiallyLoaded:true EditorBounds:IsValid=true, Min=(X=-5490.000 Y=-6590.000 Z=-7620.000), Max=(X=8910.000 Y=7810.000 Z=6780.000) RuntimeBounds:IsValid=true, Min=(X=-5490.000 Y=-6590.000 Z=-7620.000), Max=(X=8910.000 Y=7810.000 Z=6780.000) RuntimeGrid:None EditorOnly:false RuntimeOnly:false HLODRelevant:false ListedInSceneOutliner:true IsMainWorldOnly:false
 |   |   |- [+] [ 20]
 |   |   |   |- Guid:A354B1B24E617A525DC6B48CCDE2417E NativeClass:/Script/Engine.PlayerStart Name:PlayerStart_0 Label:PlayerStart SpatiallyLoaded:false EditorBounds:IsValid=true, Min=(X=860.000 Y=810.000 Z=0.013), Max=(X=940.000 Y=890.000 Z=184.013) RuntimeBounds:IsValid=true, Min=(X=860.000 Y=810.000 Z=0.013), Max=(X=940.000 Y=890.000 Z=184.013) RuntimeGrid:None EditorOnly:false RuntimeOnly:false HLODRelevant:false ListedInSceneOutliner:true IsMainWorldOnly:false
 |   |   |- [+] [ 21]
 |   |   |   |- Guid:A4CDF928475C49644500B8B7653CC984 NativeClass:/Script/Engine.StaticMeshActor Name:StaticMeshActor_UAID_005056C000012E9B02_2023711271 Label:Cube SpatiallyLoaded:true EditorBounds:IsValid=true, Min=(X=-22.500 Y=2380.000 Z=-800.000), Max=(X=2.500 Y=5280.000 Z=900.000) RuntimeBounds:IsValid=true, Min=(X=-22.500 Y=2380.000 Z=-800.000), Max=(X=2.500 Y=5280.000 Z=900.000) RuntimeGrid:None EditorOnly:false RuntimeOnly:false HLODRelevant:true ListedInSceneOutliner:true IsMainWorldOnly:false
 |   |   |- [+] [ 22]
 |   |   |   |- Guid:ADED34654884BFF4D9FB2984C325A523 NativeClass:/Script/Engine.PointLight Name:PointLight_UAID_005056C000012F9B02_1546046454 Label:PointLight4 SpatiallyLoaded:true EditorBounds:IsValid=true, Min=(X=-3050.096 Y=-2180.096 Z=-5260.096), Max=(X=6490.096 Y=7360.096 Z=4280.096) RuntimeBounds:IsValid=true, Min=(X=-3050.096 Y=-2180.096 Z=-5260.096), Max=(X=6490.096 Y=7360.096 Z=4280.096) RuntimeGrid:None EditorOnly:false RuntimeOnly:false HLODRelevant:false ListedInSceneOutliner:true IsMainWorldOnly:false
 |   |   |- [+] [ 23]
 |   |   |   |- Guid:C0C56B9644AE3D40CAFF6A878DB29844 NativeClass:/Script/Engine.StaticMeshActor Name:StaticMeshActor_UAID_A4AE111137DC5EFB00_2001720423 Label:SM_SkySphere SpatiallyLoaded:false EditorBounds:IsValid=true, Min=(X=-1638237.000 Y=-1638400.000 Z=-1638400.000), Max=(X=1638563.000 Y=1638400.000 Z=1638400.000) RuntimeBounds:IsValid=true, Min=(X=-1638237.000 Y=-1638400.000 Z=-1638400.000), Max=(X=1638563.000 Y=1638400.000 Z=1638400.000) RuntimeGrid:None EditorOnly:false RuntimeOnly:false HLODRelevant:false ListedInSceneOutliner:true IsMainWorldOnly:false FolderGuid:0BA5F0A04EADB18E70D5B180D08FA34B
 |   |   |- [+] [ 24]
 |   |   |   |- Guid:C22CE07C4B87D685137FDBBC10FC92C6 NativeClass:/Script/Engine.SkyAtmosphere Name:SkyAtmosphere_0 Label:SkyAtmosphere SpatiallyLoaded:false EditorBounds:IsValid=true, Min=(X=0.000 Y=0.000 Z=1020.000), Max=(X=0.000 Y=0.000 Z=1020.000) RuntimeBounds:IsValid=true, Min=(X=0.000 Y=0.000 Z=1020.000), Max=(X=0.000 Y=0.000 Z=1020.000) RuntimeGrid:None EditorOnly:false RuntimeOnly:false HLODRelevant:false ListedInSceneOutliner:true IsMainWorldOnly:false FolderPath:Lighting FolderGuid:0BA5F0A04EADB18E70D5B180D08FA34B
 |   |   |- [+] [ 25]
 |   |   |   |- Guid:CE8D82634660FCDB3120E2B8D547C533 NativeClass:/Script/Engine.PostProcessVolume Name:PostProcessVolume_0 Label:PostProcessVolume SpatiallyLoaded:false EditorBounds:IsValid=true, Min=(X=0.000 Y=0.000 Z=400.000), Max=(X=200.000 Y=200.000 Z=600.000) RuntimeBounds:IsValid=true, Min=(X=0.000 Y=0.000 Z=400.000), Max=(X=200.000 Y=200.000 Z=600.000) RuntimeGrid:None EditorOnly:false RuntimeOnly:false HLODRelevant:false ListedInSceneOutliner:true IsMainWorldOnly:false FolderPath:Lighting FolderGuid:0BA5F0A04EADB18E70D5B180D08FA34B
 |   |   |- [+] [ 26]
 |   |   |   |- Guid:D571036A46372FDC621A11B8291B462A NativeClass:/Script/Engine.PointLight Name:PointLight_UAID_005056C000012F9B02_1757738463 Label:PointLight12 SpatiallyLoaded:true EditorBounds:IsValid=true, Min=(X=-1990.096 Y=-1620.096 Z=-5080.096), Max=(X=7550.096 Y=7920.096 Z=4460.096) RuntimeBounds:IsValid=true, Min=(X=-1990.096 Y=-1620.096 Z=-5080.096), Max=(X=7550.096 Y=7920.096 Z=4460.096) RuntimeGrid:None EditorOnly:false RuntimeOnly:false HLODRelevant:false ListedInSceneOutliner:true IsMainWorldOnly:false
 |   |   |- [+] [ 27]
 |   |   |   |- Guid:E5320C1B4FD9764CE7B54D8487AEC613 NativeClass:/Script/Engine.SkyLight Name:SkyLight_0 Label:SkyLight SpatiallyLoaded:false EditorBounds:IsValid=true, Min=(X=0.000 Y=0.000 Z=690.000), Max=(X=0.000 Y=0.000 Z=690.000) RuntimeBounds:IsValid=true, Min=(X=0.000 Y=0.000 Z=690.000), Max=(X=0.000 Y=0.000 Z=690.000) RuntimeGrid:None EditorOnly:false RuntimeOnly:false HLODRelevant:false ListedInSceneOutliner:true IsMainWorldOnly:false FolderPath:Lighting FolderGuid:0BA5F0A04EADB18E70D5B180D08FA34B
 |   |   |- [+] [ 28]
 |   |   |   |- Guid:EE66F4454A4A9F99393F559AB739C05E BaseClass:/Game/FirstPerson/Blueprints/BP_Pickup_Rifle.BP_Pickup_Rifle_C NativeClass:/Script/Engine.Actor Name:BP_Rifle_C_1 Label:BP_Pickup_Rifle SpatiallyLoaded:true EditorBounds:IsValid=true, Min=(X=1378.000 Y=818.000 Z=64.000), Max=(X=1442.000 Y=907.440 Z=128.000) RuntimeBounds:IsValid=true, Min=(X=1378.000 Y=818.000 Z=64.000), Max=(X=1442.000 Y=907.440 Z=128.000) RuntimeGrid:None EditorOnly:false RuntimeOnly:false HLODRelevant:false ListedInSceneOutliner:true IsMainWorldOnly:false
 |   |   |- [+] [ 29]
 |   |   |   |- Guid:EED3841A4E51664C7F48379210171C23 NativeClass:/Script/Engine.PointLight Name:PointLight_UAID_005056C000012F9B02_1378896452 Label:PointLight2 SpatiallyLoaded:true EditorBounds:IsValid=true, Min=(X=500.000 Y=-2070.000 Z=690.000), Max=(X=2500.000 Y=-70.000 Z=2690.000) RuntimeBounds:IsValid=true, Min=(X=500.000 Y=-2070.000 Z=690.000), Max=(X=2500.000 Y=-70.000 Z=2690.000) RuntimeGrid:None EditorOnly:false RuntimeOnly:false HLODRelevant:false ListedInSceneOutliner:true IsMainWorldOnly:false
 |- ContainerInstances:
 |- [+] MainContainer:
 |   |-        ID: 00000000000000000000000000000000
 |   |-  ParentID: 00000000000000000000000000000000
 |   |-    Bounds: IsValid=false, Min=(X=0.000 Y=0.000 Z=0.000), Max=(X=0.000 Y=0.000 Z=0.000)
 |   |- Transform: 0.000000,0.000000,0.000000|0.000000,0.000000,-0.000000|1.000000,1.000000,1.000000
 |   |- Container: /Game/FirstPerson/Maps/FirstPersonMap
----------------------------------------------------------------------------------------------------------------
FirstPersonMap - Persistent Level
----------------------------------------------------------------------------------------------------------------
[+] Content of FirstPersonMap Persistent Level
 |- Always loaded Actor Count: 30 
 |- Actor Path: /Game/FirstPerson/Maps/FirstPersonMap.FirstPersonMap:PersistentLevel.BP_Rifle_C_1
 |- Actor Package: /Game/__ExternalActors__/FirstPerson/Maps/FirstPersonMap/5/8C/EAHCBN229IT8APJO305AH5
 |- Actor Path: /Game/FirstPerson/Maps/FirstPersonMap.FirstPersonMap:PersistentLevel.ExponentialHeightFog_0
 |- Actor Package: /Game/__ExternalActors__/FirstPerson/Maps/FirstPersonMap/0/CL/381LM03PFI8AF9NED1SEV2
 |- Actor Path: /Game/FirstPerson/Maps/FirstPersonMap.FirstPersonMap:PersistentLevel.PlayerStart_0
 |- Actor Package: /Game/__ExternalActors__/FirstPerson/Maps/FirstPersonMap/8/Z7/W1SXRCM1KAKBJOIZDLHZ47
 |- Actor Path: /Game/FirstPerson/Maps/FirstPersonMap.FirstPersonMap:PersistentLevel.PointLight_UAID_005056C000012F9B02_1290266451
 |- Actor Package: /Game/__ExternalActors__/FirstPerson/Maps/FirstPersonMap/D/2F/WL5J5BBV89O30UBKRUMNGH
 |- Actor Path: /Game/FirstPerson/Maps/FirstPersonMap.FirstPersonMap:PersistentLevel.PointLight_UAID_005056C000012F9B02_1378896452
 |- Actor Package: /Game/__ExternalActors__/FirstPerson/Maps/FirstPersonMap/D/UO/J5G4QL8T8OCX0R1E7T6HGN
 |- Actor Path: /Game/FirstPerson/Maps/FirstPersonMap.FirstPersonMap:PersistentLevel.PointLight_UAID_005056C000012F9B02_1437424453
 |- Actor Package: /Game/__ExternalActors__/FirstPerson/Maps/FirstPersonMap/2/94/NF8UX9OK3K2CJYST5PEUW7
 |- Actor Path: /Game/FirstPerson/Maps/FirstPersonMap.FirstPersonMap:PersistentLevel.PointLight_UAID_005056C000012F9B02_1546046454
 |- Actor Package: /Game/__ExternalActors__/FirstPerson/Maps/FirstPersonMap/A/E6/3UWV2OCX7LF3Q9WYCL4C6G
 |- Actor Path: /Game/FirstPerson/Maps/FirstPersonMap.FirstPersonMap:PersistentLevel.PointLight_UAID_005056C000012F9B02_1747284456
 |- Actor Package: /Game/__ExternalActors__/FirstPerson/Maps/FirstPersonMap/7/BZ/X82CE5Q4DBEREDZ2644MIS
 |- Actor Path: /Game/FirstPerson/Maps/FirstPersonMap.FirstPersonMap:PersistentLevel.PointLight_UAID_005056C000012F9B02_1748821457
 |- Actor Package: /Game/__ExternalActors__/FirstPerson/Maps/FirstPersonMap/7/51/76HTA53ZNXEXUZR38D5B14
 |- Actor Path: /Game/FirstPerson/Maps/FirstPersonMap.FirstPersonMap:PersistentLevel.PointLight_UAID_005056C000012F9B02_1748995458
 |- Actor Package: /Game/__ExternalActors__/FirstPerson/Maps/FirstPersonMap/2/QO/WRCSSIA1YVV3QVSE83E0WY
 |- Actor Path: /Game/FirstPerson/Maps/FirstPersonMap.FirstPersonMap:PersistentLevel.PointLight_UAID_005056C000012F9B02_1749145459
 |- Actor Package: /Game/__ExternalActors__/FirstPerson/Maps/FirstPersonMap/B/Q9/3UCOA92L8X3ICIWLORI2IU
 |- Actor Path: /Game/FirstPerson/Maps/FirstPersonMap.FirstPersonMap:PersistentLevel.PointLight_UAID_005056C000012F9B02_1749306460
 |- Actor Package: /Game/__ExternalActors__/FirstPerson/Maps/FirstPersonMap/4/EZ/SYI0HOLHBMFWMZ4A3SO1M0
 |- Actor Path: /Game/FirstPerson/Maps/FirstPersonMap.FirstPersonMap:PersistentLevel.PointLight_UAID_005056C000012F9B02_1749462461
 |- Actor Package: /Game/__ExternalActors__/FirstPerson/Maps/FirstPersonMap/9/3A/3V93N5L9SZB7ZM3TZQLL8D
 |- Actor Path: /Game/FirstPerson/Maps/FirstPersonMap.FirstPersonMap:PersistentLevel.PointLight_UAID_005056C000012F9B02_1757487462
 |- Actor Package: /Game/__ExternalActors__/FirstPerson/Maps/FirstPersonMap/B/AK/U9DW2CWDZ1DAMRCMW8EY02
 |- Actor Path: /Game/FirstPerson/Maps/FirstPersonMap.FirstPersonMap:PersistentLevel.PointLight_UAID_005056C000012F9B02_1757738463
 |- Actor Package: /Game/__ExternalActors__/FirstPerson/Maps/FirstPersonMap/8/9A/XFMG3HL3K41F2ZJ3ONL7XT
 |- Actor Path: /Game/FirstPerson/Maps/FirstPersonMap.FirstPersonMap:PersistentLevel.PointLight_UAID_005056C000012F9B02_1757913464
 |- Actor Package: /Game/__ExternalActors__/FirstPerson/Maps/FirstPersonMap/9/A3/70C0D3S1H3STFAQZZDG9BX
 |- Actor Path: /Game/FirstPerson/Maps/FirstPersonMap.FirstPersonMap:PersistentLevel.PointLight_UAID_005056C000012F9B02_1758072465
 |- Actor Package: /Game/__ExternalActors__/FirstPerson/Maps/FirstPersonMap/B/AQ/11608MLNOW7INP9210N8F0
 |- Actor Path: /Game/FirstPerson/Maps/FirstPersonMap.FirstPersonMap:PersistentLevel.PointLight_UAID_005056C000012F9B02_1758229466
 |- Actor Package: /Game/__ExternalActors__/FirstPerson/Maps/FirstPersonMap/5/NC/3ETI2QTFG7X1HH7183JI52
 |- Actor Path: /Game/FirstPerson/Maps/FirstPersonMap.FirstPersonMap:PersistentLevel.PointLight_UAID_005056C000012F9B02_1758404467
 |- Actor Package: /Game/__ExternalActors__/FirstPerson/Maps/FirstPersonMap/1/85/URO4QB6XOFQJTMLJBBUHLS
 |- Actor Path: /Game/FirstPerson/Maps/FirstPersonMap.FirstPersonMap:PersistentLevel.PostProcessVolume_0
 |- Actor Package: /Game/__ExternalActors__/FirstPerson/Maps/FirstPersonMap/E/MX/R1GV431P5FDO08OFULRA01
 |- Actor Path: /Game/FirstPerson/Maps/FirstPersonMap.FirstPersonMap:PersistentLevel.SkyAtmosphere_0
 |- Actor Package: /Game/__ExternalActors__/FirstPerson/Maps/FirstPersonMap/C/VO/VMN4G7K3NKKV6F8HTPHHDB
 |- Actor Path: /Game/FirstPerson/Maps/FirstPersonMap.FirstPersonMap:PersistentLevel.SkyLight_0
 |- Actor Package: /Game/__ExternalActors__/FirstPerson/Maps/FirstPersonMap/6/0Z/5RQIHCZ9W3UXRGL4LTLQAK
 |- Actor Path: /Game/FirstPerson/Maps/FirstPersonMap.FirstPersonMap:PersistentLevel.SpotLight_UAID_005056C000012F9B02_1665939455
 |- Actor Package: /Game/__ExternalActors__/FirstPerson/Maps/FirstPersonMap/4/HH/AAWRPUG2O6W3OUBULWU1FC
 |- Actor Path: /Game/FirstPerson/Maps/FirstPersonMap.FirstPersonMap:PersistentLevel.StaticMeshActor_0
 |- Actor Package: /Game/__ExternalActors__/FirstPerson/Maps/FirstPersonMap/7/L5/1ZJ54FMA0DAL3I2Q8RFAIB
 |- Actor Path: /Game/FirstPerson/Maps/FirstPersonMap.FirstPersonMap:PersistentLevel.StaticMeshActor_UAID_005056C000012E9B02_2023711271
 |- Actor Package: /Game/__ExternalActors__/FirstPerson/Maps/FirstPersonMap/7/IM/CXFLDYU156XPLFK5JUVWVK
 |- Actor Path: /Game/FirstPerson/Maps/FirstPersonMap.FirstPersonMap:PersistentLevel.StaticMeshActor_UAID_005056C000012E9B02_2106600272
 |- Actor Package: /Game/__ExternalActors__/FirstPerson/Maps/FirstPersonMap/E/BI/56ARYFDVTF1U3CWHP9GIZE
 |- Actor Path: /Game/FirstPerson/Maps/FirstPersonMap.FirstPersonMap:PersistentLevel.StaticMeshActor_UAID_A4AE111137DC5EFB00_2001720423
 |- Actor Package: /Game/__ExternalActors__/FirstPerson/Maps/FirstPersonMap/C/ZU/PDQ0AB8RLNMVID876FD49G
 |- Actor Path: /Game/FirstPerson/Maps/FirstPersonMap.FirstPersonMap:PersistentLevel.TextRenderActor_1
 |- Actor Package: /Game/__ExternalActors__/FirstPerson/Maps/FirstPersonMap/1/RN/55P1SMQLAF7OK6300D5I8N
 |- Actor Path: /Game/FirstPerson/Maps/FirstPersonMap.FirstPersonMap:PersistentLevel.VolumetricCloud_0
 |- Actor Package: /Game/__ExternalActors__/FirstPerson/Maps/FirstPersonMap/0/GO/I8WEFD3RY9V3NVQLSU6QM4
 |- Actor Path: /Game/FirstPerson/Maps/FirstPersonMap.FirstPersonMap:PersistentLevel.WorldDataLayers
 |- Actor Package: /Game/__ExternalActors__/FirstPerson/Maps/FirstPersonMap/D/0W/E1FKEGVKGOLM7HGLQPCIPO

----------------------------------------------------------------------------------------------------------------
FirstPersonMap - Runtime Hash Set
----------------------------------------------------------------------------------------------------------------

